
=== 12/09/2026, 23:39:24 ===
  [RED] RED EXCLUSIVE: new plan detected: EGP 3450/month Tax Exclusive
  [RED] RED ELITE+: new plan detected: EGP 2000/month Tax Exclusive
  [RED] RED PRIME+: new plan detected: EGP 1380/month Tax Exclusive
  [RED] RED ADVANCE+: new plan detected: EGP 980/month Tax Exclusive
  [RED] RED ESSENTIAL+: new plan detected: EGP 575/month Tax Exclusive
  [Plus] 37 EGP: 1400 MB @ 37 EGP
  [Plus] 69 EGP: 3000 MB @ 69 EGP
  [Plus] 98 EGP: 4750 MB @ 98 EGP
  [Plus] 120 EGP: 6000 MB @ 120 EGP

=== 12/09/2026, 23:40:28 ===
  [RED] RED EXCLUSIVE: new plan detected: EGP 3450/month Tax Exclusive
  [RED] RED ELITE+: new plan detected: EGP 2000/month Tax Exclusive
  [RED] RED PRIME+: new plan detected: EGP 1380/month Tax Exclusive
  [RED] RED ADVANCE+: new plan detected: EGP 980/month Tax Exclusive
  [RED] RED ESSENTIAL+: new plan detected: EGP 575/month Tax Exclusive
  [Plus] 37 EGP: 1400 MB @ 37 EGP
  [Plus] 69 EGP: 3000 MB @ 69 EGP
  [Plus] 98 EGP: 4750 MB @ 98 EGP
  [Plus] 120 EGP: 6000 MB @ 120 EGP
  [Plus] 180 EGP: 10000 MB @ 180 EGP
  [Plus] 300 EGP: 18000 MB @ 300 EGP
  [Plus] 450 EGP: 29000 MB @ 450 EGP
  [Plus] 600 EGP: 45000 MB @ 600 EGP

=== 12/09/2026, 23:40:37 ===
  [RED] RED EXCLUSIVE: new plan detected: EGP 3450/month Tax Exclusive
  [RED] RED ELITE+: new plan detected: EGP 2000/month Tax Exclusive
  [RED] RED PRIME+: new plan detected: EGP 1380/month Tax Exclusive
  [RED] RED ADVANCE+: new plan detected: EGP 980/month Tax Exclusive
  [RED] RED ESSENTIAL+: new plan detected: EGP 575/month Tax Exclusive
  [Plus] 37 EGP: 1400 MB @ 37 EGP
  [Plus] 69 EGP: 3000 MB @ 69 EGP
  [Plus] 98 EGP: 4750 MB @ 98 EGP
  [Plus] 120 EGP: 6000 MB @ 120 EGP
  [Plus] 180 EGP: 10000 MB @ 180 EGP
  [Plus] 300 EGP: 18000 MB @ 300 EGP
  [Plus] 450 EGP: 29000 MB @ 450 EGP
  [Plus] 600 EGP: 45000 MB @ 600 EGP
