
===== 2026-09-12T20:59:47.329Z =====
[sync] no changes — live-data.json untouched
──────────────────────────────────────────
Sync report — 12/09/2026, 23:59:47
No changes detected. / لا توجد تغييرات
source red: OK (5)
source plus: OK (8)
source codes: OK (n/a)
code presence: 6/6 verified
──────────────────────────────────────────


===== 2026-09-12T21:07:16.152Z =====
[sync] no changes — live-data.json untouched
──────────────────────────────────────────
Sync report — 13/09/2026, 00:07:16
No changes detected. / لا توجد تغييرات
source red: OK (5)
source plus: OK (8)
source codes: OK (n/a)
code presence: 6/6 verified
──────────────────────────────────────────


===== 2026-09-13T15:47:50.433Z =====
[sync] no changes — live-data.json untouched
──────────────────────────────────────────
Sync report — 13/09/2026, 18:47:50
No changes detected. / لا توجد تغييرات
source red: OK (5)
source plus: OK (8)
source codes: OK (n/a)
code presence: 6/6 verified
──────────────────────────────────────────


===== 2026-09-14T14:41:21.595Z =====
[sync] no changes — live-data.json untouched
──────────────────────────────────────────
Sync report — 14/09/2026, 17:41:21
No changes detected. / لا توجد تغييرات
source red: OK (5)
source plus: OK (8)
source codes: OK (n/a)
code presence: 6/6 verified
──────────────────────────────────────────


===== 2026-09-15T15:55:05.173Z =====
[sync] no changes — live-data.json untouched
──────────────────────────────────────────
Sync report — 15/09/2026, 18:55:05
No changes detected. / لا توجد تغييرات
source red: OK (5)
source plus: OK (8)
source codes: OK (n/a)
code presence: 6/6 verified
──────────────────────────────────────────


===== 2026-09-16T14:46:15.815Z =====
[sync] no changes — live-data.json untouched
──────────────────────────────────────────
Sync report — 16/09/2026, 17:46:15
No changes detected. / لا توجد تغييرات
source red: OK (5)
source plus: OK (8)
source codes: OK (n/a)
code presence: 6/6 verified
──────────────────────────────────────────


===== 2026-09-17T20:35:54.351Z =====
[sync] no changes — live-data.json untouched
──────────────────────────────────────────
Sync report — 17/09/2026, 23:35:54
No changes detected. / لا توجد تغييرات
source red: OK (5)
source plus: OK (8)
source codes: OK (n/a)
code presence: 6/6 verified
──────────────────────────────────────────


===== 2026-09-18T06:48:05.162Z =====
[sync] no changes — live-data.json untouched
──────────────────────────────────────────
Sync report — 18/09/2026, 09:48:04
No changes detected. / لا توجد تغييرات
source red: OK (5)
source plus: OK (8)
source codes: OK (n/a)
code presence: 6/6 verified
──────────────────────────────────────────


===== 2026-09-19T09:25:45.022Z =====
[sync] no changes — live-data.json untouched
──────────────────────────────────────────
Sync report — 19/09/2026, 12:25:44
No changes detected. / لا توجد تغييرات
source red: OK (5)
source plus: OK (8)
source codes: OK (n/a)
code presence: 6/6 verified
──────────────────────────────────────────


===== 2026-09-20T15:53:49.932Z =====
[sync] no changes — live-data.json untouched
──────────────────────────────────────────
Sync report — 20/09/2026, 18:53:49
No changes detected. / لا توجد تغييرات
source red: OK (5)
source plus: OK (8)
source codes: OK (n/a)
code presence: 6/6 verified
──────────────────────────────────────────


===== 2026-09-21T16:17:47.009Z =====
[sync] no changes — live-data.json untouched
──────────────────────────────────────────
Sync report — 21/09/2026, 19:17:46
No changes detected. / لا توجد تغييرات
source red: OK (5)
source plus: OK (8)
source codes: OK (n/a)
code presence: 6/6 verified
──────────────────────────────────────────


===== 2026-09-22T14:37:53.227Z =====
[sync] no changes — live-data.json untouched
──────────────────────────────────────────
Sync report — 22/09/2026, 17:37:52
No changes detected. / لا توجد تغييرات
source red: OK (5)
source plus: OK (8)
source codes: OK (n/a)
code presence: 6/6 verified
──────────────────────────────────────────


===== 2026-09-23T15:52:01.746Z =====
[sync] no changes — live-data.json untouched
──────────────────────────────────────────
Sync report — 23/09/2026, 18:52:01
No changes detected. / لا توجد تغييرات
source red: OK (5)
source plus: OK (8)
source codes: OK (n/a)
code presence: 6/6 verified
──────────────────────────────────────────


===== 2026-09-24T13:44:32.145Z =====
[sync] no changes — live-data.json untouched
──────────────────────────────────────────
Sync report — 24/09/2026, 16:44:32
No changes detected. / لا توجد تغييرات
source red: OK (5)
source plus: OK (8)
source codes: OK (n/a)
code presence: 6/6 verified
──────────────────────────────────────────


===== 2026-09-26T07:43:04.307Z =====
[sync] no changes — live-data.json untouched
──────────────────────────────────────────
Sync report — 26/09/2026, 10:43:04
No changes detected. / لا توجد تغييرات
source red: OK (5)
source plus: OK (8)
source codes: OK (n/a)
code presence: 6/6 verified
──────────────────────────────────────────

